python : Python 
строка:1 знак:1
+ python -c "
+ ~~~~~~~~~~~
    + CategoryInfo          : NotSpecified: (Python :String) [], RemoteException
    + FullyQualifiedErrorId : NativeCommandError
 
